
Deprecated: PHP Startup: Use of mbstring.internal_encoding is deprecated in Unknown on line 0
PHPUnit 9.6.31 by Sebastian Bergmann and contributors.

array:5 [
  "message" => "Undefined constant App\Models\SkillOrder::STATUS_REFUNDED"
  "exception" => "Error"
  "file" => "/var/www/app/Services/RefundService.php"
  "line" => 43
  "trace" => array:68 [
    0 => array:5 [
      "file" => "/var/www/vendor/laravel/framework/src/Illuminate/Database/Concerns/ManagesTransactions.php"
      "line" => 29
      "function" => "App\Services\{closure}"
      "class" => "App\Services\RefundService"
      "type" => "->"
    ]
    1 => array:5 [
      "file" => "/var/www/vendor/laravel/framework/src/Illuminate/Database/DatabaseManager.php"
      "line" => 442
      "function" => "transaction"
      "class" => "Illuminate\Database\Connection"
      "type" => "->"
    ]
    2 => array:5 [
      "file" => "/var/www/vendor/laravel/framework/src/Illuminate/Support/Facades/Facade.php"
      "line" => 261
      "function" => "__call"
      "class" => "Illuminate\Database\DatabaseManager"
      "type" => "->"
    ]
    3 => array:5 [
      "file" => "/var/www/app/Services/RefundService.php"
      "line" => 65
      "function" => "__callStatic"
      "class" => "Illuminate\Support\Facades\Facade"
      "type" => "::"
    ]
    4 => array:5 [
      "file" => "/var/www/app/Http/Controllers/RefundController.php"
      "line" => 30
      "function" => "refundOrder"
      "class" => "App\Services\RefundService"
      "type" => "->"
    ]
    5 => array:5 [
      "file" => "/var/www/vendor/laravel/framework/src/Illuminate/Routing/Controller.php"
      "line" => 54
      "function" => "store"
      "class" => "App\Http\Controllers\RefundController"
      "type" => "->"
    ]
    6 => array:5 [
      "file" => "/var/www/vendor/laravel/framework/src/Illuminate/Routing/ControllerDispatcher.php"
      "line" => 45
      "function" => "callAction"
      "class" => "Illuminate\Routing\Controller"
      "type" => "->"
    ]
    7 => array:5 [
      "file" => "/var/www/vendor/laravel/framework/src/Illuminate/Routing/Route.php"
      "line" => 262
      "function" => "dispatch"
      "class" => "Illuminate\Routing\ControllerDispatcher"
      "type" => "->"
    ]
    8 => array:5 [
      "file" => "/var/www/vendor/laravel/framework/src/Illuminate/Routing/Route.php"
      "line" => 205
      "function" => "runController"
      "class" => "Illuminate\Routing\Route"
      "type" => "->"
    ]
    9 => array:5 [
      "file" => "/var/www/vendor/laravel/framework/src/Illuminate/Routing/Router.php"
      "line" => 721
      "function" => "run"
      "class" => "Illuminate\Routing\Route"
      "type" => "->"
    ]
    10 => array:5 [
      "file" => "/var/www/vendor/laravel/framework/src/Illuminate/Pipeline/Pipeline.php"
      "line" => 128
      "function" => "Illuminate\Routing\{closure}"
      "class" => "Illuminate\Routing\Router"
      "type" => "->"
    ]
    11 => array:5 [
      "file" => "/var/www/app/Http/Middleware/EnsureAuthenticatedAnyGuard.php"
      "line" => 39
      "function" => "Illuminate\Pipeline\{closure}"
      "class" => "Illuminate\Pipeline\Pipeline"
      "type" => "->"
    ]
    12 => array:5 [
      "file" => "/var/www/vendor/laravel/framework/src/Illuminate/Pipeline/Pipeline.php"
      "line" => 167
      "function" => "handle"
      "class" => "App\Http\Middleware\EnsureAuthenticatedAnyGuard"
      "type" => "->"
    ]
    13 => array:5 [
      "file" => "/var/www/vendor/laravel/framework/src/Illuminate/Routing/Middleware/SubstituteBindings.php"
      "line" => 50
      "function" => "Illuminate\Pipeline\{closure}"
      "class" => "Illuminate\Pipeline\Pipeline"
      "type" => "->"
    ]
    14 => array:5 [
      "file" => "/var/www/vendor/laravel/framework/src/Illuminate/Pipeline/Pipeline.php"
      "line" => 167
      "function" => "handle"
      "class" => "Illuminate\Routing\Middleware\SubstituteBindings"
      "type" => "->"
    ]
    15 => array:5 [
      "file" => "/var/www/vendor/laravel/framework/src/Illuminate/Foundation/Http/Middleware/VerifyCsrfToken.php"
      "line" => 78
      "function" => "Illuminate\Pipeline\{closure}"
      "class" => "Illuminate\Pipeline\Pipeline"
      "type" => "->"
    ]
    16 => array:5 [
      "file" => "/var/www/vendor/laravel/framework/src/Illuminate/Pipeline/Pipeline.php"
      "line" => 167
      "function" => "handle"
      "class" => "Illuminate\Foundation\Http\Middleware\VerifyCsrfToken"
      "type" => "->"
    ]
    17 => array:5 [
      "file" => "/var/www/vendor/laravel/framework/src/Illuminate/View/Middleware/ShareErrorsFromSession.php"
      "line" => 49
      "function" => "Illuminate\Pipeline\{closure}"
      "class" => "Illuminate\Pipeline\Pipeline"
      "type" => "->"
    ]
    18 => array:5 [
      "file" => "/var/www/vendor/laravel/framework/src/Illuminate/Pipeline/Pipeline.php"
      "line" => 167
      "function" => "handle"
      "class" => "Illuminate\View\Middleware\ShareErrorsFromSession"
      "type" => "->"
    ]
    19 => array:5 [
      "file" => "/var/www/app/Http/Middleware/PreserveSlotOnRedirect.php"
      "line" => 14
      "function" => "Illuminate\Pipeline\{closure}"
      "class" => "Illuminate\Pipeline\Pipeline"
      "type" => "->"
    ]
    20 => array:5 [
      "file" => "/var/www/vendor/laravel/framework/src/Illuminate/Pipeline/Pipeline.php"
      "line" => 167
      "function" => "handle"
      "class" => "App\Http\Middleware\PreserveSlotOnRedirect"
      "type" => "->"
    ]
    21 => array:5 [
      "file" => "/var/www/vendor/laravel/framework/src/Illuminate/Session/Middleware/StartSession.php"
      "line" => 121
      "function" => "Illuminate\Pipeline\{closure}"
      "class" => "Illuminate\Pipeline\Pipeline"
      "type" => "->"
    ]
    22 => array:5 [
      "file" => "/var/www/vendor/laravel/framework/src/Illuminate/Session/Middleware/StartSession.php"
      "line" => 64
      "function" => "handleStatefulRequest"
      "class" => "Illuminate\Session\Middleware\StartSession"
      "type" => "->"
    ]
    23 => array:5 [
      "file" => "/var/www/vendor/laravel/framework/src/Illuminate/Pipeline/Pipeline.php"
      "line" => 167
      "function" => "handle"
      "class" => "Illuminate\Session\Middleware\StartSession"
      "type" => "->"
    ]
    24 => array:5 [
      "file" => "/var/www/app/Http/Middleware/SetSessionCookieSlot.php"
      "line" => 15
      "function" => "Illuminate\Pipeline\{closure}"
      "class" => "Illuminate\Pipeline\Pipeline"
      "type" => "->"
    ]
    25 => array:5 [
      "file" => "/var/www/vendor/laravel/framework/src/Illuminate/Pipeline/Pipeline.php"
      "line" => 167
      "function" => "handle"
      "class" => "App\Http\Middleware\SetSessionCookieSlot"
      "type" => "->"
    ]
    26 => array:5 [
      "file" => "/var/www/vendor/laravel/framework/src/Illuminate/Cookie/Middleware/AddQueuedCookiesToResponse.php"
      "line" => 37
      "function" => "Illuminate\Pipeline\{closure}"
      "class" => "Illuminate\Pipeline\Pipeline"
      "type" => "->"
    ]
    27 => array:5 [
      "file" => "/var/www/vendor/laravel/framework/src/Illuminate/Pipeline/Pipeline.php"
      "line" => 167
      "function" => "handle"
      "class" => "Illuminate\Cookie\Middleware\AddQueuedCookiesToResponse"
      "type" => "->"
    ]
    28 => array:5 [
      "file" => "/var/www/vendor/laravel/framework/src/Illuminate/Cookie/Middleware/EncryptCookies.php"
      "line" => 67
      "function" => "Illuminate\Pipeline\{closure}"
      "class" => "Illuminate\Pipeline\Pipeline"
      "type" => "->"
    ]
    29 => array:5 [
      "file" => "/var/www/vendor/laravel/framework/src/Illuminate/Pipeline/Pipeline.php"
      "line" => 167
      "function" => "handle"
      "class" => "Illuminate\Cookie\Middleware\EncryptCookies"
      "type" => "->"
    ]
    30 => array:5 [
      "file" => "/var/www/vendor/laravel/framework/src/Illuminate/Pipeline/Pipeline.php"
      "line" => 103
      "function" => "Illuminate\Pipeline\{closure}"
      "class" => "Illuminate\Pipeline\Pipeline"
      "type" => "->"
    ]
    31 => array:5 [
      "file" => "/var/www/vendor/laravel/framework/src/Illuminate/Routing/Router.php"
      "line" => 723
      "function" => "then"
      "class" => "Illuminate\Pipeline\Pipeline"
      "type" => "->"
    ]
    32 => array:5 [
      "file" => "/var/www/vendor/laravel/framework/src/Illuminate/Routing/Router.php"
      "line" => 698
      "function" => "runRouteWithinStack"
      "class" => "Illuminate\Routing\Router"
      "type" => "->"
    ]
    33 => array:5 [
      "file" => "/var/www/vendor/laravel/framework/src/Illuminate/Routing/Router.php"
      "line" => 662
      "function" => "runRoute"
      "class" => "Illuminate\Routing\Router"
      "type" => "->"
    ]
    34 => array:5 [
      "file" => "/var/www/vendor/laravel/framework/src/Illuminate/Routing/Router.php"
      "line" => 651
      "function" => "dispatchToRoute"
      "class" => "Illuminate\Routing\Router"
      "type" => "->"
    ]
    35 => array:5 [
      "file" => "/var/www/vendor/laravel/framework/src/Illuminate/Foundation/Http/Kernel.php"
      "line" => 167
      "function" => "dispatch"
      "class" => "Illuminate\Routing\Router"
      "type" => "->"
    ]
    36 => array:5 [
      "file" => "/var/www/vendor/laravel/framework/src/Illuminate/Pipeline/Pipeline.php"
      "line" => 128
      "function" => "Illuminate\Foundation\Http\{closure}"
      "class" => "Illuminate\Foundation\Http\Kernel"
      "type" => "->"
    ]
    37 => array:5 [
      "file" => "/var/www/vendor/laravel/framework/src/Illuminate/Foundation/Http/Middleware/TransformsRequest.php"
      "line" => 21
      "function" => "Illuminate\Pipeline\{closure}"
      "class" => "Illuminate\Pipeline\Pipeline"
      "type" => "->"
    ]
    38 => array:5 [
      "file" => "/var/www/vendor/laravel/framework/src/Illuminate/Foundation/Http/Middleware/ConvertEmptyStringsToNull.php"
      "line" => 31
      "function" => "handle"
      "class" => "Illuminate\Foundation\Http\Middleware\TransformsRequest"
      "type" => "->"
    ]
    39 => array:5 [
      "file" => "/var/www/vendor/laravel/framework/src/Illuminate/Pipeline/Pipeline.php"
      "line" => 167
      "function" => "handle"
      "class" => "Illuminate\Foundation\Http\Middleware\ConvertEmptyStringsToNull"
      "type" => "->"
    ]
    40 => array:5 [
      "file" => "/var/www/vendor/laravel/framework/src/Illuminate/Foundation/Http/Middleware/TransformsRequest.php"
      "line" => 21
      "function" => "Illuminate\Pipeline\{closure}"
      "class" => "Illuminate\Pipeline\Pipeline"
      "type" => "->"
    ]
    41 => array:5 [
      "file" => "/var/www/vendor/laravel/framework/src/Illuminate/Foundation/Http/Middleware/TrimStrings.php"
      "line" => 40
      "function" => "handle"
      "class" => "Illuminate\Foundation\Http\Middleware\TransformsRequest"
      "type" => "->"
    ]
    42 => array:5 [
      "file" => "/var/www/vendor/laravel/framework/src/Illuminate/Pipeline/Pipeline.php"
      "line" => 167
      "function" => "handle"
      "class" => "Illuminate\Foundation\Http\Middleware\TrimStrings"
      "type" => "->"
    ]
    43 => array:5 [
      "file" => "/var/www/vendor/laravel/framework/src/Illuminate/Foundation/Http/Middleware/ValidatePostSize.php"
      "line" => 27
      "function" => "Illuminate\Pipeline\{closure}"
      "class" => "Illuminate\Pipeline\Pipeline"
      "type" => "->"
    ]
    44 => array:5 [
      "file" => "/var/www/vendor/laravel/framework/src/Illuminate/Pipeline/Pipeline.php"
      "line" => 167
      "function" => "handle"
      "class" => "Illuminate\Foundation\Http\Middleware\ValidatePostSize"
      "type" => "->"
    ]
    45 => array:5 [
      "file" => "/var/www/vendor/laravel/framework/src/Illuminate/Foundation/Http/Middleware/PreventRequestsDuringMaintenance.php"
      "line" => 86
      "function" => "Illuminate\Pipeline\{closure}"
      "class" => "Illuminate\Pipeline\Pipeline"
      "type" => "->"
    ]
    46 => array:5 [
      "file" => "/var/www/vendor/laravel/framework/src/Illuminate/Pipeline/Pipeline.php"
      "line" => 167
      "function" => "handle"
      "class" => "Illuminate\Foundation\Http\Middleware\PreventRequestsDuringMaintenance"
      "type" => "->"
    ]
    47 => array:5 [
      "file" => "/var/www/vendor/fruitcake/laravel-cors/src/HandleCors.php"
      "line" => 38
      "function" => "Illuminate\Pipeline\{closure}"
      "class" => "Illuminate\Pipeline\Pipeline"
      "type" => "->"
    ]
    48 => array:5 [
      "file" => "/var/www/vendor/laravel/framework/src/Illuminate/Pipeline/Pipeline.php"
      "line" => 167
      "function" => "handle"
      "class" => "Fruitcake\Cors\HandleCors"
      "type" => "->"
    ]
    49 => array:5 [
      "file" => "/var/www/vendor/laravel/framework/src/Illuminate/Http/Middleware/TrustProxies.php"
      "line" => 39
      "function" => "Illuminate\Pipeline\{closure}"
      "class" => "Illuminate\Pipeline\Pipeline"
      "type" => "->"
    ]
    50 => array:5 [
      "file" => "/var/www/vendor/laravel/framework/src/Illuminate/Pipeline/Pipeline.php"
      "line" => 167
      "function" => "handle"
      "class" => "Illuminate\Http\Middleware\TrustProxies"
      "type" => "->"
    ]
    51 => array:5 [
      "file" => "/var/www/vendor/laravel/framework/src/Illuminate/Pipeline/Pipeline.php"
      "line" => 103
      "function" => "Illuminate\Pipeline\{closure}"
      "class" => "Illuminate\Pipeline\Pipeline"
      "type" => "->"
    ]
    52 => array:5 [
      "file" => "/var/www/vendor/laravel/framework/src/Illuminate/Foundation/Http/Kernel.php"
      "line" => 142
      "function" => "then"
      "class" => "Illuminate\Pipeline\Pipeline"
      "type" => "->"
    ]
    53 => array:5 [
      "file" => "/var/www/vendor/laravel/framework/src/Illuminate/Foundation/Http/Kernel.php"
      "line" => 111
      "function" => "sendRequestThroughRouter"
      "class" => "Illuminate\Foundation\Http\Kernel"
      "type" => "->"
    ]
    54 => array:5 [
      "file" => "/var/www/vendor/laravel/framework/src/Illuminate/Foundation/Testing/Concerns/MakesHttpRequests.php"
      "line" => 510
      "function" => "handle"
      "class" => "Illuminate\Foundation\Http\Kernel"
      "type" => "->"
    ]
    55 => array:5 [
      "file" => "/var/www/vendor/laravel/framework/src/Illuminate/Foundation/Testing/Concerns/MakesHttpRequests.php"
      "line" => 476
      "function" => "call"
      "class" => "Illuminate\Foundation\Testing\TestCase"
      "type" => "->"
    ]
    56 => array:5 [
      "file" => "/var/www/vendor/laravel/framework/src/Illuminate/Foundation/Testing/Concerns/MakesHttpRequests.php"
      "line" => 335
      "function" => "json"
      "class" => "Illuminate\Foundation\Testing\TestCase"
      "type" => "->"
    ]
    57 => array:5 [
      "file" => "/var/www/tests/Feature/SkillRefundTest.php"
      "line" => 36
      "function" => "postJson"
      "class" => "Illuminate\Foundation\Testing\TestCase"
      "type" => "->"
    ]
    58 => array:5 [
      "file" => "/var/www/vendor/phpunit/phpunit/src/Framework/TestCase.php"
      "line" => 1617
      "function" => "test_full_refund_updates_status_and_records_refund_id"
      "class" => "Tests\Feature\SkillRefundTest"
      "type" => "->"
    ]
    59 => array:5 [
      "file" => "/var/www/vendor/phpunit/phpunit/src/Framework/TestCase.php"
      "line" => 1223
      "function" => "runTest"
      "class" => "PHPUnit\Framework\TestCase"
      "type" => "->"
    ]
    60 => array:5 [
      "file" => "/var/www/vendor/phpunit/phpunit/src/Framework/TestResult.php"
      "line" => 729
      "function" => "runBare"
      "class" => "PHPUnit\Framework\TestCase"
      "type" => "->"
    ]
    61 => array:5 [
      "file" => "/var/www/vendor/phpunit/phpunit/src/Framework/TestCase.php"
      "line" => 973
      "function" => "run"
      "class" => "PHPUnit\Framework\TestResult"
      "type" => "->"
    ]
    62 => array:5 [
      "file" => "/var/www/vendor/phpunit/phpunit/src/Framework/TestSuite.php"
      "line" => 685
      "function" => "run"
      "class" => "PHPUnit\Framework\TestCase"
      "type" => "->"
    ]
    63 => array:5 [
      "file" => "/var/www/vendor/phpunit/phpunit/src/TextUI/TestRunner.php"
      "line" => 651
      "function" => "run"
      "class" => "PHPUnit\Framework\TestSuite"
      "type" => "->"
    ]
    64 => array:5 [
      "file" => "/var/www/vendor/phpunit/phpunit/src/TextUI/Command.php"
      "line" => 146
      "function" => "run"
      "class" => "PHPUnit\TextUI\TestRunner"
      "type" => "->"
    ]
    65 => array:5 [
      "file" => "/var/www/vendor/phpunit/phpunit/src/TextUI/Command.php"
      "line" => 99
      "function" => "run"
      "class" => "PHPUnit\TextUI\Command"
      "type" => "->"
    ]
    66 => array:5 [
      "file" => "/var/www/vendor/phpunit/phpunit/phpunit"
      "line" => 107
      "function" => "main"
      "class" => "PHPUnit\TextUI\Command"
      "type" => "::"
    ]
    67 => array:3 [
      "file" => "/var/www/vendor/bin/phpunit"
      "line" => 122
      "function" => "include"
    ]
  ]
]
F                                                                   1 / 1 (100%)

Time: 00:53.569, Memory: 32.00 MB

There was 1 failure:

1) Tests\Feature\SkillRefundTest::test_full_refund_updates_status_and_records_refund_id
Expected response status code [200] but received 500.

The following exception occurred during the request:

Error: Undefined constant App\Models\SkillOrder::STATUS_REFUNDED in /var/www/app/Services/RefundService.php:43
Stack trace:
#0 /var/www/vendor/laravel/framework/src/Illuminate/Database/Concerns/ManagesTransactions.php(29): App\Services\RefundService->App\Services\{closure}(Object(Illuminate\Database\MySqlConnection))
#1 /var/www/vendor/laravel/framework/src/Illuminate/Database/DatabaseManager.php(442): Illuminate\Database\Connection->transaction(Object(Closure))
#2 /var/www/vendor/laravel/framework/src/Illuminate/Support/Facades/Facade.php(261): Illuminate\Database\DatabaseManager->__call('transaction', Array)
#3 /var/www/app/Services/RefundService.php(65): Illuminate\Support\Facades\Facade::__callStatic('transaction', Array)
#4 /var/www/app/Http/Controllers/RefundController.php(30): App\Services\RefundService->refundOrder(Object(App\Models\SkillOrder), 10000, 'requested_by_cu...')
#5 /var/www/vendor/laravel/framework/src/Illuminate/Routing/Controller.php(54): App\Http\Controllers\RefundController->store(Object(Illuminate\Http\Request), Object(App\Models\SkillOrder))
#6 /var/www/vendor/laravel/framework/src/Illuminate/Routing/ControllerDispatcher.php(45): Illuminate\Routing\Controller->callAction('store', Array)
#7 /var/www/vendor/laravel/framework/src/Illuminate/Routing/Route.php(262): Illuminate\Routing\ControllerDispatcher->dispatch(Object(Illuminate\Routing\Route), Object(App\Http\Controllers\RefundController), 'store')
#8 /var/www/vendor/laravel/framework/src/Illuminate/Routing/Route.php(205): Illuminate\Routing\Route->runController()
#9 /var/www/vendor/laravel/framework/src/Illuminate/Routing/Router.php(721): Illuminate\Routing\Route->run()
#10 /var/www/vendor/laravel/framework/src/Illuminate/Pipeline/Pipeline.php(128): Illuminate\Routing\Router->Illuminate\Routing\{closure}(Object(Illuminate\Http\Request))
#11 /var/www/app/Http/Middleware/EnsureAuthenticatedAnyGuard.php(39): Illuminate\Pipeline\Pipeline->Illuminate\Pipeline\{closure}(Object(Illuminate\Http\Request))
#12 /var/www/vendor/laravel/framework/src/Illuminate/Pipeline/Pipeline.php(167): App\Http\Middleware\EnsureAuthenticatedAnyGuard->handle(Object(Illuminate\Http\Request), Object(Closure), 'freelancer', 'company', 'buyer')
#13 /var/www/vendor/laravel/framework/src/Illuminate/Routing/Middleware/SubstituteBindings.php(50): Illuminate\Pipeline\Pipeline->Illuminate\Pipeline\{closure}(Object(Illuminate\Http\Request))
#14 /var/www/vendor/laravel/framework/src/Illuminate/Pipeline/Pipeline.php(167): Illuminate\Routing\Middleware\SubstituteBindings->handle(Object(Illuminate\Http\Request), Object(Closure))
#15 /var/www/vendor/laravel/framework/src/Illuminate/Foundation/Http/Middleware/VerifyCsrfToken.php(78): Illuminate\Pipeline\Pipeline->Illuminate\Pipeline\{closure}(Object(Illuminate\Http\Request))
#16 /var/www/vendor/laravel/framework/src/Illuminate/Pipeline/Pipeline.php(167): Illuminate\Foundation\Http\Middleware\VerifyCsrfToken->handle(Object(Illuminate\Http\Request), Object(Closure))
#17 /var/www/vendor/laravel/framework/src/Illuminate/View/Middleware/ShareErrorsFromSession.php(49): Illuminate\Pipeline\Pipeline->Illuminate\Pipeline\{closure}(Object(Illuminate\Http\Request))
#18 /var/www/vendor/laravel/framework/src/Illuminate/Pipeline/Pipeline.php(167): Illuminate\View\Middleware\ShareErrorsFromSession->handle(Object(Illuminate\Http\Request), Object(Closure))
#19 /var/www/app/Http/Middleware/PreserveSlotOnRedirect.php(14): Illuminate\Pipeline\Pipeline->Illuminate\Pipeline\{closure}(Object(Illuminate\Http\Request))
#20 /var/www/vendor/laravel/framework/src/Illuminate/Pipeline/Pipeline.php(167): App\Http\Middleware\PreserveSlotOnRedirect->handle(Object(Illuminate\Http\Request), Object(Closure))
#21 /var/www/vendor/laravel/framework/src/Illuminate/Session/Middleware/StartSession.php(121): Illuminate\Pipeline\Pipeline->Illuminate\Pipeline\{closure}(Object(Illuminate\Http\Request))
#22 /var/www/vendor/laravel/framework/src/Illuminate/Session/Middleware/StartSession.php(64): Illuminate\Session\Middleware\StartSession->handleStatefulRequest(Object(Illuminate\Http\Request), Object(Illuminate\Session\Store), Object(Closure))
#23 /var/www/vendor/laravel/framework/src/Illuminate/Pipeline/Pipeline.php(167): Illuminate\Session\Middleware\StartSession->handle(Object(Illuminate\Http\Request), Object(Closure))
#24 /var/www/app/Http/Middleware/SetSessionCookieSlot.php(15): Illuminate\Pipeline\Pipeline->Illuminate\Pipeline\{closure}(Object(Illuminate\Http\Request))
#25 /var/www/vendor/laravel/framework/src/Illuminate/Pipeline/Pipeline.php(167): App\Http\Middleware\SetSessionCookieSlot->handle(Object(Illuminate\Http\Request), Object(Closure))
#26 /var/www/vendor/laravel/framework/src/Illuminate/Cookie/Middleware/AddQueuedCookiesToResponse.php(37): Illuminate\Pipeline\Pipeline->Illuminate\Pipeline\{closure}(Object(Illuminate\Http\Request))
#27 /var/www/vendor/laravel/framework/src/Illuminate/Pipeline/Pipeline.php(167): Illuminate\Cookie\Middleware\AddQueuedCookiesToResponse->handle(Object(Illuminate\Http\Request), Object(Closure))
#28 /var/www/vendor/laravel/framework/src/Illuminate/Cookie/Middleware/EncryptCookies.php(67): Illuminate\Pipeline\Pipeline->Illuminate\Pipeline\{closure}(Object(Illuminate\Http\Request))
#29 /var/www/vendor/laravel/framework/src/Illuminate/Pipeline/Pipeline.php(167): Illuminate\Cookie\Middleware\EncryptCookies->handle(Object(Illuminate\Http\Request), Object(Closure))
#30 /var/www/vendor/laravel/framework/src/Illuminate/Pipeline/Pipeline.php(103): Illuminate\Pipeline\Pipeline->Illuminate\Pipeline\{closure}(Object(Illuminate\Http\Request))
#31 /var/www/vendor/laravel/framework/src/Illuminate/Routing/Router.php(723): Illuminate\Pipeline\Pipeline->then(Object(Closure))
#32 /var/www/vendor/laravel/framework/src/Illuminate/Routing/Router.php(698): Illuminate\Routing\Router->runRouteWithinStack(Object(Illuminate\Routing\Route), Object(Illuminate\Http\Request))
#33 /var/www/vendor/laravel/framework/src/Illuminate/Routing/Router.php(662): Illuminate\Routing\Router->runRoute(Object(Illuminate\Http\Request), Object(Illuminate\Routing\Route))
#34 /var/www/vendor/laravel/framework/src/Illuminate/Routing/Router.php(651): Illuminate\Routing\Router->dispatchToRoute(Object(Illuminate\Http\Request))
#35 /var/www/vendor/laravel/framework/src/Illuminate/Foundation/Http/Kernel.php(167): Illuminate\Routing\Router->dispatch(Object(Illuminate\Http\Request))
#36 /var/www/vendor/laravel/framework/src/Illuminate/Pipeline/Pipeline.php(128): Illuminate\Foundation\Http\Kernel->Illuminate\Foundation\Http\{closure}(Object(Illuminate\Http\Request))
#37 /var/www/vendor/laravel/framework/src/Illuminate/Foundation/Http/Middleware/TransformsRequest.php(21): Illuminate\Pipeline\Pipeline->Illuminate\Pipeline\{closure}(Object(Illuminate\Http\Request))
#38 /var/www/vendor/laravel/framework/src/Illuminate/Foundation/Http/Middleware/ConvertEmptyStringsToNull.php(31): Illuminate\Foundation\Http\Middleware\TransformsRequest->handle(Object(Illuminate\Http\Request), Object(Closure))
#39 /var/www/vendor/laravel/framework/src/Illuminate/Pipeline/Pipeline.php(167): Illuminate\Foundation\Http\Middleware\ConvertEmptyStringsToNull->handle(Object(Illuminate\Http\Request), Object(Closure))
#40 /var/www/vendor/laravel/framework/src/Illuminate/Foundation/Http/Middleware/TransformsRequest.php(21): Illuminate\Pipeline\Pipeline->Illuminate\Pipeline\{closure}(Object(Illuminate\Http\Request))
#41 /var/www/vendor/laravel/framework/src/Illuminate/Foundation/Http/Middleware/TrimStrings.php(40): Illuminate\Foundation\Http\Middleware\TransformsRequest->handle(Object(Illuminate\Http\Request), Object(Closure))
#42 /var/www/vendor/laravel/framework/src/Illuminate/Pipeline/Pipeline.php(167): Illuminate\Foundation\Http\Middleware\TrimStrings->handle(Object(Illuminate\Http\Request), Object(Closure))
#43 /var/www/vendor/laravel/framework/src/Illuminate/Foundation/Http/Middleware/ValidatePostSize.php(27): Illuminate\Pipeline\Pipeline->Illuminate\Pipeline\{closure}(Object(Illuminate\Http\Request))
#44 /var/www/vendor/laravel/framework/src/Illuminate/Pipeline/Pipeline.php(167): Illuminate\Foundation\Http\Middleware\ValidatePostSize->handle(Object(Illuminate\Http\Request), Object(Closure))
#45 /var/www/vendor/laravel/framework/src/Illuminate/Foundation/Http/Middleware/PreventRequestsDuringMaintenance.php(86): Illuminate\Pipeline\Pipeline->Illuminate\Pipeline\{closure}(Object(Illuminate\Http\Request))
#46 /var/www/vendor/laravel/framework/src/Illuminate/Pipeline/Pipeline.php(167): Illuminate\Foundation\Http\Middleware\PreventRequestsDuringMaintenance->handle(Object(Illuminate\Http\Request), Object(Closure))
#47 /var/www/vendor/fruitcake/laravel-cors/src/HandleCors.php(38): Illuminate\Pipeline\Pipeline->Illuminate\Pipeline\{closure}(Object(Illuminate\Http\Request))
#48 /var/www/vendor/laravel/framework/src/Illuminate/Pipeline/Pipeline.php(167): Fruitcake\Cors\HandleCors->handle(Object(Illuminate\Http\Request), Object(Closure))
#49 /var/www/vendor/laravel/framework/src/Illuminate/Http/Middleware/TrustProxies.php(39): Illuminate\Pipeline\Pipeline->Illuminate\Pipeline\{closure}(Object(Illuminate\Http\Request))
#50 /var/www/vendor/laravel/framework/src/Illuminate/Pipeline/Pipeline.php(167): Illuminate\Http\Middleware\TrustProxies->handle(Object(Illuminate\Http\Request), Object(Closure))
#51 /var/www/vendor/laravel/framework/src/Illuminate/Pipeline/Pipeline.php(103): Illuminate\Pipeline\Pipeline->Illuminate\Pipeline\{closure}(Object(Illuminate\Http\Request))
#52 /var/www/vendor/laravel/framework/src/Illuminate/Foundation/Http/Kernel.php(142): Illuminate\Pipeline\Pipeline->then(Object(Closure))
#53 /var/www/vendor/laravel/framework/src/Illuminate/Foundation/Http/Kernel.php(111): Illuminate\Foundation\Http\Kernel->sendRequestThroughRouter(Object(Illuminate\Http\Request))
#54 /var/www/vendor/laravel/framework/src/Illuminate/Foundation/Testing/Concerns/MakesHttpRequests.php(510): Illuminate\Foundation\Http\Kernel->handle(Object(Illuminate\Http\Request))
#55 /var/www/vendor/laravel/framework/src/Illuminate/Foundation/Testing/Concerns/MakesHttpRequests.php(476): Illuminate\Foundation\Testing\TestCase->call('POST', 'http://localhos...', Array, Array, Array, Array, '{"refund_amount...')
#56 /var/www/vendor/laravel/framework/src/Illuminate/Foundation/Testing/Concerns/MakesHttpRequests.php(335): Illuminate\Foundation\Testing\TestCase->json('POST', 'http://localhos...', Array, Array)
#57 /var/www/tests/Feature/SkillRefundTest.php(36): Illuminate\Foundation\Testing\TestCase->postJson('http://localhos...', Array)
#58 /var/www/vendor/phpunit/phpunit/src/Framework/TestCase.php(1617): Tests\Feature\SkillRefundTest->test_full_refund_updates_status_and_records_refund_id()
#59 /var/www/vendor/phpunit/phpunit/src/Framework/TestCase.php(1223): PHPUnit\Framework\TestCase->runTest()
#60 /var/www/vendor/phpunit/phpunit/src/Framework/TestResult.php(729): PHPUnit\Framework\TestCase->runBare()
#61 /var/www/vendor/phpunit/phpunit/src/Framework/TestCase.php(973): PHPUnit\Framework\TestResult->run(Object(Tests\Feature\SkillRefundTest))
#62 /var/www/vendor/phpunit/phpunit/src/Framework/TestSuite.php(685): PHPUnit\Framework\TestCase->run(Object(PHPUnit\Framework\TestResult))
#63 /var/www/vendor/phpunit/phpunit/src/TextUI/TestRunner.php(651): PHPUnit\Framework\TestSuite->run(Object(PHPUnit\Framework\TestResult))
#64 /var/www/vendor/phpunit/phpunit/src/TextUI/Command.php(146): PHPUnit\TextUI\TestRunner->run(Object(PHPUnit\Framework\TestSuite), Array, Array, true)
#65 /var/www/vendor/phpunit/phpunit/src/TextUI/Command.php(99): PHPUnit\TextUI\Command->run(Array, true)
#66 /var/www/vendor/phpunit/phpunit/phpunit(107): PHPUnit\TextUI\Command::main()
#67 /var/www/vendor/bin/phpunit(122): include('/var/www/vendor...')
#68 {main}
Failed asserting that 200 is identical to 500.

/var/www/vendor/laravel/framework/src/Illuminate/Testing/TestResponse.php:177
/var/www/vendor/laravel/framework/src/Illuminate/Testing/TestResponse.php:99
/var/www/tests/Feature/SkillRefundTest.php:43

FAILURES!
Tests: 1, Assertions: 2, Failures: 1.
